// Quand tout le DOM est chargé, on lance le script
document.addEventListener("DOMContentLoaded", function () {
    const loader = document.getElementById("loader"); // Le conteneur de chargement
    const loaderMessages = document.getElementById("loader-messages"); // Là où les lignes s'affichent pendant le boot
    const mainContent = document.getElementById("mainContent"); // Le vrai contenu de la page
    const terminalSection = document.querySelector(".terminal-section"); // La zone de texte "cat compétences"

    // Messages simulant un démarrage Linux
    const messages = [

        "[BOOT] Initializing system components...",
        "[    0.000000] microcode: microcode updated early to revision 0xf0, date = 2021-11-12",
        "[    0.000000] Command line: BOOT_IMAGE=/boot/vmlinuz-6.1.0-28-amd64 root=UUID=551c9df6-eaa9-4d04-b363-acf2caf0006e ro quiet",
        "[    0.000000] BIOS-provided physical RAM map:",
        "[    0.000000] BIOS-e820: [mem 0x0000000000000000-0x000000000009e7ff] usable",
        "[    0.000000] BIOS-e820: [mem 0x000000000009e800-0x000000000009ffff] reserved",
        "[    0.000000] BIOS-e820: [mem 0x00000000000e0000-0x00000000000fffff] reserved",
        "[    0.000000] BIOS-e820: [mem 0x0000000000100000-0x000000009079cfff] usable",
        "[    0.000000] BIOS-e820: [mem 0x000000009079d000-0x000000009079dfff] ACPI NVS",
        "[    0.000000] BIOS-e820: [mem 0x000000009079e000-0x00000000907c7fff] reserved",
        "[    0.000000] BIOS-e820: [mem 0x00000000907c8000-0x0000000090878fff] usable",
        "[    0.000000] BIOS-e820: [mem 0x0000000090879000-0x0000000091179fff] reserved",
        "[    0.000000] BIOS-e820: [mem 0x000000009117a000-0x00000000a738efff] usable",
        "[    0.000000] BIOS-e820: [mem 0x00000000a738f000-0x00000000a7d7efff] reserved",
        "[    0.000000] BIOS-e820: [mem 0x00000000a7d7f000-0x00000000a7f7efff] ACPI NVS",
        "[    0.000000] BIOS-e820: [mem 0x00000000a7f7f000-0x00000000a7ffefff] ACPI data",
        "[    0.000000] BIOS-e820: [mem 0x00000000a7fff000-0x00000000a7ffffff] usable",
        "[    0.000000] BIOS-e820: [mem 0x00000000a8000000-0x00000000a80fffff] reserved",
        "[    0.000000] BIOS-e820: [mem 0x00000000a8800000-0x00000000ad7fffff] reserved",
        "[    0.000000] BIOS-e820: [mem 0x00000000e0000000-0x00000000efffffff] reserved",
        "[    0.000000] BIOS-e820: [mem 0x00000000fd000000-0x00000000fe7fffff] reserved",
        "[    0.000000] BIOS-e820: [mem 0x00000000feb00000-0x00000000feb03fff] reserved",
        "[    0.000000] BIOS-e820: [mem 0x00000000fec00000-0x00000000fec00fff] reserved",
        "[    0.000000] BIOS-e820: [mem 0x00000000fed00000-0x00000000fed00fff] reserved",
        "[    0.000000] BIOS-e820: [mem 0x00000000fed10000-0x00000000fed19fff] reserved",
        "[    0.000000] BIOS-e820: [mem 0x00000000fed84000-0x00000000fed84fff] reserved",
        "[    0.000000] BIOS-e820: [mem 0x00000000fee00000-0x00000000fee00fff] reserved",
        "[    0.000000] BIOS-e820: [mem 0x00000000ffa00000-0x00000000ffffffff] reserved",
        "[    0.000000] BIOS-e820: [mem 0x0000000100000000-0x00000003517fffff] usable",
        "[    0.000000] NX (Execute Disable) protection: active",
        "[    0.000000] SMBIOS 3.0 present.",
        "[    0.000000] DMI: Acer TravelMate P259-M/Lyra_SK     , BIOS V1.26 03/16/2017",
        "[    0.000000] tsc: Detected 2300.000 MHz processor",
        "[    0.000000] tsc: Detected 2299.968 MHz TSC",
        "[    0.001026] last_pfn = 0x351800 max_arch_pfn = 0x400000000",
        "[    0.001147] x86/PAT: Configuration [0-7]: WB  WC  UC- UC  WB  WP  UC- WT  ",
        "[    0.001718] last_pfn = 0xa8000 max_arch_pfn = 0x400000000",
        "[    0.012244] found SMP MP-table at [mem 0x000fe1b0-0x000fe1bf]",
        "[    0.012262] Using GB pages for direct mapping",
        "[    0.013208] RAMDISK: [mem 0x2edbb000-0x336d4fff]",
        "[    0.013214] ACPI: Early table checksum verification disabled",
        "[    0.013217] ACPI: RSDP 0x00000000000FE020 000024 (v02 ACRSYS)",
        "[    0.013222] ACPI: XSDT 0x00000000A7FE0188 0000F4 (v01 ACRSYS ACRPRDCT 00000000      01000013)",
        "[    0.013227] ACPI: FACP 0x00000000A7FE6000 0000F4 (v05 ACRSYS ACRPRDCT 00000000 1025 00040000)",
        "[    0.013233] ACPI: DSDT 0x00000000A7FC9000 016716 (v02 ACRSYS ACRPRDCT 00000000 1025 00040000)",
        "[    0.013237] ACPI: FACS 0x00000000A7F7D000 000040",
        "[    0.013240] ACPI: UEFI 0x00000000A7FFC000 000236 (v01 ACRSYS ACRPRDCT 00000001 1025 00040000)",
        "[    0.013244] ACPI: SSDT 0x00000000A7FFA000 000534 (v01 ACRSYS ACRPRDCT 00001000 1025 00040000)",
        "[    0.013247] ACPI: SSDT 0x00000000A7FF4000 00443C (v01 ACRSYS ACRPRDCT 00001000 1025 00040000)",
        "[    0.013251] ACPI: SSDT 0x00000000A7FEE000 004E73 (v02 ACRSYS ACRPRDCT 00003000 1025 00040000)",
        "[    0.013254] ACPI: DBG2 0x00000000A7FEC000 000054 (v00 ACRSYS ACRPRDCT 00000000 1025 00040000)",
        "[    0.013257] ACPI: ASF! 0x00000000A7FEA000 0000A5 (v32 ACRSYS ACRPRDCT 00000001 1025 00040000)",
        "[    0.013261] ACPI: BOOT 0x00000000A7FE8000 000028 (v01 ACRSYS ACRPRDCT 00000001 1025 00040000)",
        "[    0.013264] ACPI: HPET 0x00000000A7FE5000 000038 (v01 ACRSYS ACRPRDCT 00000001 1025 00040000)",
        "[    0.013268] ACPI: APIC 0x00000000A7FE3000 0000BC (v03 ACRSYS ACRPRDCT 00000001 1025 00040000)",
        "[    0.013271] ACPI: SLIC 0x00000000A7FE1000 000176 (v01 ACRSYS ACRPRDCT 00000001 1025 00040000)",
        "[    0.013274] ACPI: SSDT 0x00000000A7FC7000 0004A3 (v02 ACRSYS ACRPRDCT 00001000 1025 00040000)",
        "[    0.013278] ACPI: SSDT 0x00000000A7FC6000 000E73 (v02 ACRSYS ACRPRDCT 00003000 1025 00040000)",
        "[    0.013281] ACPI: UEFI 0x00000000A7FFB000 000042 (v01 ACRSYS ACRPRDCT 00000002 1025 00040000)",
        "[    0.013284] ACPI: MSDM 0x00000000A7FF3000 000055 (v03 ACRSYS ACRPRDCT 00000001 1025 00040000)",
        "[    0.013288] ACPI: SSDT 0x00000000A7FEB000 0004AB (v02 ACRSYS ACRPRDCT 00000000 1025 00040000)",
        "[    0.013291] ACPI: DBGP 0x00000000A7FE7000 000034 (v01 ACRSYS ACRPRDCT 00000001 1025 00040000)",
        "[    0.013295] ACPI: MCFG 0x00000000A7FE2000 00003C (v01 ACRSYS ACRPRDCT 00000001 1025 00040000)",
        "[    0.013298] ACPI: FPDT 0x00000000A7FC4000 000044 (v01 ACRSYS ACRPRDCT 00000002 1025 00040000)",
        "[    0.013302] ACPI: TPM2 0x00000000A7FF9000 000034 (v03 ACRSYS ACRPRDCT 00000000 1025 00040000)",
        "[    0.013305] ACPI: ASPT 0x00000000A7FE9000 000034 (v07 ACRSYS ACRPRDCT 00000001 1025 00040000)",
        "[    0.013308] ACPI: SSDT 0x00000000A7FC8000 00019A (v02 ACRSYS ACRPRDCT 00001000 1025 00040000)",
        "[    0.013312] ACPI: TCPA 0x00000000A7FFD000 000032 (v02 ACRSYS ACRPRDCT 00000000 1025 00040000)",
        "[    0.013315] ACPI: LPIT 0x00000000A7FE4000 000094 (v01 ACRSYS ACRPRDCT 00000000 1025 00040000)",
        "[    0.013318] ACPI: DBGP 0x00000000A7FED000 000034 (v01 ACRSYS ACRPRDCT 00000001 1025 00040000)",
        "[    0.013322] ACPI: DMAR 0x00000000A7FC5000 0000CC (v01 ACRSYS ACRPRDCT 00000001 1025 00040000)",
        "[    0.013324] ACPI: Reserving FACP table memory at [mem 0xa7fe6000-0xa7fe60f3]",
        "[    0.013326] ACPI: Reserving DSDT table memory at [mem 0xa7fc9000-0xa7fdf715]",
        "[    0.013328] ACPI: Reserving FACS table memory at [mem 0xa7f7d000-0xa7f7d03f]",
        "[    0.013329] ACPI: Reserving UEFI table memory at [mem 0xa7ffc000-0xa7ffc235]",
        "[    0.013330] ACPI: Reserving SSDT table memory at [mem 0xa7ffa000-0xa7ffa533]",
        "[    0.013331] ACPI: Reserving SSDT table memory at [mem 0xa7ff4000-0xa7ff843b]",
        "[    0.013332] ACPI: Reserving SSDT table memory at [mem 0xa7fee000-0xa7ff2e72]",
        "[    0.013333] ACPI: Reserving DBG2 table memory at [mem 0xa7fec000-0xa7fec053]",
        "[    0.013333] ACPI: Reserving ASF! table memory at [mem 0xa7fea000-0xa7fea0a4]",
        "[    0.013334] ACPI: Reserving BOOT table memory at [mem 0xa7fe8000-0xa7fe8027]",
        "[    0.013335] ACPI: Reserving HPET table memory at [mem 0xa7fe5000-0xa7fe5037]",
        "[    0.013337] ACPI: Reserving APIC table memory at [mem 0xa7fe3000-0xa7fe30bb]",
        "[    0.013338] ACPI: Reserving SLIC table memory at [mem 0xa7fe1000-0xa7fe1175]",
        "[    0.013339] ACPI: Reserving SSDT table memory at [mem 0xa7fc7000-0xa7fc74a2]",
        "[    0.013340] ACPI: Reserving SSDT table memory at [mem 0xa7fc6000-0xa7fc6e72]",
        "[    0.013341] ACPI: Reserving UEFI table memory at [mem 0xa7ffb000-0xa7ffb041]",
        "[    0.013342] ACPI: Reserving MSDM table memory at [mem 0xa7ff3000-0xa7ff3054]",
        "[    0.013343] ACPI: Reserving SSDT table memory at [mem 0xa7feb000-0xa7feb4aa]",
        "[    0.013344] ACPI: Reserving DBGP table memory at [mem 0xa7fe7000-0xa7fe7033]",
        "[    0.013345] ACPI: Reserving MCFG table memory at [mem 0xa7fe2000-0xa7fe203b]",
        "[    0.013346] ACPI: Reserving FPDT table memory at [mem 0xa7fc4000-0xa7fc4043]",
        "[    0.013347] ACPI: Reserving TPM2 table memory at [mem 0xa7ff9000-0xa7ff9033]",
        "[    0.013348] ACPI: Reserving ASPT table memory at [mem 0xa7fe9000-0xa7fe9033]",
        "[    0.013349] ACPI: Reserving SSDT table memory at [mem 0xa7fc8000-0xa7fc8199]",
        "[    0.013350] ACPI: Reserving TCPA table memory at [mem 0xa7ffd000-0xa7ffd031]",
        "[    0.013351] ACPI: Reserving LPIT table memory at [mem 0xa7fe4000-0xa7fe4093]",
        "[    0.013352] ACPI: Reserving DBGP table memory at [mem 0xa7fed000-0xa7fed033]",
        "[    0.013353] ACPI: Reserving DMAR table memory at [mem 0xa7fc5000-0xa7fc50cb]",
        "[    0.013477] No NUMA configuration found",
        "[    0.013478] Faking a node at [mem 0x0000000000000000-0x00000003517fffff]",
        "[    0.013491] NODE_DATA(0) allocated [mem 0x3517d3000-0x3517fdfff]",
        "[    0.013773] Zone ranges:",
        "[    0.013773]   DMA      [mem 0x0000000000001000-0x0000000000ffffff",
        "[    0.013776]   DMA32    [mem 0x0000000001000000-0x00000000ffffffff]",
        "[    0.013778]   Normal   [mem 0x0000000100000000-0x00000003517fffff]",
        "[    0.013780]   Device   empty",
        "[    0.013781] Movable zone start for each node",
        "[    0.013783] Early memory node ranges",
        "[    0.013784]   node   0: [mem 0x0000000000001000-0x000000000009dfff]",
        "[    0.013786]   node   0: [mem 0x0000000000100000-0x000000009079cfff]",
        "[    0.013787]   node   0: [mem 0x00000000907c8000-0x0000000090878fff]",
        "[    0.013788]   node   0: [mem 0x000000009117a000-0x00000000a738efff]",
        "[    0.013789]   node   0: [mem 0x00000000a7fff000-0x00000000a7ffffff]",
        "[    0.013790]   node   0: [mem 0x0000000100000000-0x00000003517fffff]",
        "[    0.013793] Initmem setup node 0 [mem 0x0000000000001000-0x00000003517fffff]",
        "[    0.013799] On node 0, zone DMA: 1 pages in unavailable ranges",
        "[    0.013836] On node 0, zone DMA: 98 pages in unavailable ranges",
        "[    0.019021] On node 0, zone DMA32: 43 pages in unavailable ranges",
        "[    0.019859] On node 0, zone DMA32: 2305 pages in unavailable ranges",
        "[    0.019911] On node 0, zone DMA32: 3184 pages in unavailable ranges",
        "[    0.020645] On node 0, zone Normal: 26624 pages in unavailable ranges",
        "[    0.020654] Reserving Intel graphics memory at [mem 0xa9800000-0xad7fffff]",
        "[    0.020852] ACPI: PM-Timer IO Port: 0x1808",
        "[    0.020859] ACPI: LAPIC_NMI (acpi_id[0x01] high edge lint[0x1])",
        "[    0.020861] ACPI: LAPIC_NMI (acpi_id[0x02] high edge lint[0x1])",
        "[    0.020862] ACPI: LAPIC_NMI (acpi_id[0x03] high edge lint[0x1])",
        "[    0.020863] ACPI: LAPIC_NMI (acpi_id[0x04] high edge lint[0x1])",
        "[    0.020864] ACPI: LAPIC_NMI (acpi_id[0x05] high edge lint[0x1])",
        "[    0.020865] ACPI: LAPIC_NMI (acpi_id[0x06] high edge lint[0x1])",
        "[    0.020866] ACPI: LAPIC_NMI (acpi_id[0x07] high edge lint[0x1])",
        "[    0.020867] ACPI: LAPIC_NMI (acpi_id[0x08] high edge lint[0x1])",
        "[    0.020893] IOAPIC[0]: apic_id 2, version 32, address 0xfec00000 GSI 0-119",
        "[    0.020896] ACPI: INT_SRC_OVR (bus 0 bus_irq 0 global_irq 2 dfl dfl)",
        "[    0.020898] ACPI: INT_SRC_OVR (bus 0 bus_irq 9 global_irq 9 high level)",
        "[    0.020903] ACPI: Using ACPI (MADT) for SMP configuration information",
        "[    0.020904] ACPI: HPET id: 0x8086a201 base: 0xfed00000",
        "[    0.020908] TSC deadline timer available",
        "[    0.020908] smpboot: Allowing 4 CPUs, 0 hotplug CPUs",
        "[    0.020935] PM: hibernation: Registered nosave memory: [mem 0x00000000-0x00000fff]",
        "[    0.020938] PM: hibernation: Registered nosave memory: [mem 0x0009e000-0x0009efff]",
        "[    0.020939] PM: hibernation: Registered nosave memory: [mem 0x0009f000-0x0009ffff]",
        "[    0.020940] PM: hibernation: Registered nosave memory: [mem 0x000a0000-0x000dffff]",
        "[    0.020941] PM: hibernation: Registered nosave memory: [mem 0x000e0000-0x000fffff]",
        "[    0.020943] PM: hibernation: Registered nosave memory: [mem 0x9079d000-0x9079dfff]",
        "[    0.020944] PM: hibernation: Registered nosave memory: [mem 0x9079e000-0x907c7fff]",
        "[    0.020946] PM: hibernation: Registered nosave memory: [mem 0x90879000-0x91179fff]",
        "[    0.020948] PM: hibernation: Registered nosave memory: [mem 0xa738f000-0xa7d7efff]",
        "[    0.020949] PM: hibernation: Registered nosave memory: [mem 0xa7d7f000-0xa7f7efff]",
        "[    0.020950] PM: hibernation: Registered nosave memory: [mem 0xa7f7f000-0xa7ffefff]",
        "[    0.020952] PM: hibernation: Registered nosave memory: [mem 0xa8000000-0xa80fffff]",
        "[    0.020953] PM: hibernation: Registered nosave memory: [mem 0xa8100000-0xa87fffff]",
        "[    0.020954] PM: hibernation: Registered nosave memory: [mem 0xa8800000-0xad7fffff]",
        "[    0.020955] PM: hibernation: Registered nosave memory: [mem 0xad800000-0xdfffffff]",
        "[    0.020956] PM: hibernation: Registered nosave memory: [mem 0xe0000000-0xefffffff]",
        "[    0.020956] PM: hibernation: Registered nosave memory: [mem 0xf0000000-0xfcffffff]",
        "[    0.020957] PM: hibernation: Registered nosave memory: [mem 0xfd000000-0xfe7fffff]",
        "[    0.020958] PM: hibernation: Registered nosave memory: [mem 0xfe800000-0xfeafffff]",
        "[    0.020959] PM: hibernation: Registered nosave memory: [mem 0xfeb00000-0xfeb03fff]",
        "[    0.020960] PM: hibernation: Registered nosave memory: [mem 0xfeb04000-0xfebfffff]",
        "[    0.020960] PM: hibernation: Registered nosave memory: [mem 0xfec00000-0xfec00fff]",
        "[    0.020961] PM: hibernation: Registered nosave memory: [mem 0xfec01000-0xfecfffff]",
        "[    0.020962] PM: hibernation: Registered nosave memory: [mem 0xfed00000-0xfed00fff]",
        "[    0.020963] PM: hibernation: Registered nosave memory: [mem 0xfed01000-0xfed0ffff]",
        "[    0.020964] PM: hibernation: Registered nosave memory: [mem 0xfed10000-0xfed19fff]",
        "[    0.020964] PM: hibernation: Registered nosave memory: [mem 0xfed1a000-0xfed83fff]",
        "[    0.020965] PM: hibernation: Registered nosave memory: [mem 0xfed84000-0xfed84fff]",
        "[    0.020966] PM: hibernation: Registered nosave memory: [mem 0xfed85000-0xfedfffff]",
        "[    0.020967] PM: hibernation: Registered nosave memory: [mem 0xfee00000-0xfee00fff]",
        "[    0.020968] PM: hibernation: Registered nosave memory: [mem 0xfee01000-0xff9fffff]",
        "[    0.020968] PM: hibernation: Registered nosave memory: [mem 0xffa00000-0xffffffff]",
        "[    0.020970] [mem 0xad800000-0xdfffffff] available for PCI devices",
        "[    0.020972] Booting paravirtualized kernel on bare hardware",
        "[    0.020974] clocksource: refined-jiffies: mask: 0xffffffff max_cycles: 0xffffffff, max_idle_ns: 7645519600211568 ns",
        "[    0.027233] setup_percpu: NR_CPUS:8192 nr_cpumask_bits:4 nr_cpu_ids:4 nr_node_ids:1",
        "[    0.027389] percpu: Embedded 61 pages/cpu s212992 r8192 d28672 u524288",
        "[    0.027436] Fallback order for Node 0: 0 ",
        "[    0.027439] Built 1 zonelists, mobility grouping on.  Total pages: 3064666",
        "[    0.027441] Policy zone: Normal",
        "[    0.028350] Dentry cache hash table entries: 2097152 (order: 12, 16777216 bytes, linear)",
        "[    0.028775] Inode-cache hash table entries: 1048576 (order: 11, 8388608 bytes, linear)",
        "[    0.028839] mem auto-init: stack:all(zero), heap alloc:on, heap free:off",
        "[    0.028848] software IO TLB: area num 4.",
        "[    0.050500] SLUB: HWalign=64, Order=0-3, MinObjects=0, CPUs=4, Nodes=1",
        "[    0.050515] Kernel/User page tables isolation: enabled",
        "[    0.050547] ftrace: allocating 40283 entries in 158 pages",
        "[    0.058708] ftrace: allocated 158 pages with 5 groups",
        "[    0.059494] Dynamic Preempt: voluntary",
        "[    0.059523] rcu: Preemptible hierarchical RCU implementation.",
        "[    0.059524] rcu:     RCU restricting CPUs from NR_CPUS=8192 to nr_cpu_ids=4.",
        "[    0.059526]  Trampoline variant of Tasks RCU enabled.",
        "[    0.059526]  Rude variant of Tasks RCU enabled.",
        "[    0.059527]  Tracing variant of Tasks RCU enabled.",
        "[    0.059527] rcu: RCU calculated value of scheduler-enlistment delay is 25 jiffies.",
        "[    0.059528] rcu: Adjusting geometry for rcu_fanout_leaf=16, nr_cpu_ids=4",
        "[    0.064507] NR_IRQS: 524544, nr_irqs: 1024, preallocated irqs: 16",
        "[    0.064716] rcu: srcu_init: Setting srcu_struct sizes based on contention.",
        "[    0.067231] Console: colour VGA+ 80x25",
        "[    0.067254] printk: console [tty0] enabled",
        "[    0.067272] ACPI: Core revision 20220331",
        "[    0.067461] hpet: HPET dysfunctional in PC10. Force disabled.",
        "[    0.067463] APIC: Switch to symmetric I/O mode setup",
        "[    0.067465] DMAR: Host address width 39",
        "[    0.067466] DMAR: DRHD base: 0x000000fed90000 flags: 0x0",
        "[    0.067474] DMAR: dmar0: reg_base_addr fed90000 ver 1:0 cap 1c0000c40660462 ecap 7e3ff0505e",
        "[    0.067477] DMAR: DRHD base: 0x000000fed91000 flags: 0x1",
        "[    0.067482] DMAR: dmar1: reg_base_addr fed91000 ver 1:0 cap d2008c40660462 ecap f050da",
        "[    0.067484] DMAR: RMRR base: 0x000000a7c7b000 end: 0x000000a7c9afff",
        "[    0.067486] DMAR: RMRR base: 0x000000a9000000 end: 0x000000ad7fffff",
        "[    0.067488] DMAR: ANDD device: 1 name: \_SB.PCI0.I2C0",
        "[    0.067490] DMAR-IR: IOAPIC id 2 under DRHD base  0xfed91000 IOMMU 1",
        "[    0.067492] DMAR-IR: HPET id 0 under DRHD base 0xfed91000",
        "[    0.067493] DMAR-IR: x2apic is disabled because BIOS sets x2apic opt out bit.",
        "[    0.067494] DMAR-IR: Use 'intremap=no_x2apic_optout' to override the BIOS setting.",
        "[    0.069087] DMAR-IR: Enabled IRQ remapping in xapic mode",
        "[    0.069089] x2apic: IRQ remapping doesn't support X2APIC mode",
        "[    0.072911] clocksource: tsc-early: mask: 0xffffffffffffffff max_cycles: 0x212717146a7, max_idle_ns: 440795291431 ns",
        "[    0.072917] Calibrating delay loop (skipped), value calculated using timer frequency.. 4599.93 BogoMIPS (lpj=9199872)",
        "[    0.073004] CPU0: Thermal monitoring enabled (TM1)",
        "[    0.073046] process: using mwait in idle threads",
        "[    0.073049] Last level iTLB entries: 4KB 64, 2MB 8, 4MB 8",
        "[    0.073050] Last level dTLB entries: 4KB 64, 2MB 0, 4MB 0, 1GB 4",
        "[    0.073056] Spectre V1 : Mitigation: usercopy/swapgs barriers and __user pointer sanitization",
        "[    0.073059] Spectre V2 : Mitigation: IBRS",
        "[    0.073060] Spectre V2 : Spectre v2 / SpectreRSB mitigation: Filling RSB on context switch",
        "[    0.073061] Spectre V2 : Spectre v2 / SpectreRSB : Filling RSB on VMEXIT",
        "[    0.073062] RETBleed: Mitigation: IBRS",
        "[    0.073064] Spectre V2 : mitigation: Enabling conditional Indirect Branch Prediction Barrier",
        "[    0.073065] Spectre V2 : User space: Mitigation: STIBP via prctl",
        "[    0.073067] Speculative Store Bypass: Mitigation: Speculative Store Bypass disabled via prctl",
        "[    0.073072] MDS: Mitigation: Clear CPU buffers",
        "[    0.073073] TAA: Mitigation: TSX disabled",
        "[    0.073074] MMIO Stale Data: Mitigation: Clear CPU buffers",
        "[    0.073077] SRBDS: Mitigation: Microcode",
        "[    0.073078] GDS: Vulnerable: No microcode",
        "[    0.073084] x86/fpu: Supporting XSAVE feature 0x001: 'x87 floating point registers'",
        "[    0.073086] x86/fpu: Supporting XSAVE feature 0x002: 'SSE registers'",
        "[    0.073088] x86/fpu: Supporting XSAVE feature 0x004: 'AVX registers'",
        "[    0.073089] x86/fpu: Supporting XSAVE feature 0x008: 'MPX bounds registers'",
        "[    0.073090] x86/fpu: Supporting XSAVE feature 0x010: 'MPX CSR'",
        "[    0.073092] x86/fpu: xstate_offset[2]:  576, xstate_sizes[2]:  256",
        "[    0.073095] x86/fpu: xstate_offset[3]:  832, xstate_sizes[3]:   64",
        "[    0.073097] x86/fpu: xstate_offset[4]:  896, xstate_sizes[4]:   64",
        "[    0.073099] x86/fpu: Enabled xstate features 0x1f, context size is 960 bytes, using 'compacted' format.",
        "[    0.076915] Freeing SMP alternatives memory: 36K",
        "[    0.076915] pid_max: default: 32768 minimum: 301",
        "[    0.076915] LSM: Security Framework initializing",
        "[    0.076915] landlock: Up and running.",
        "[    0.076915] Yama: disabled by default; enable with sysctl kernel.yama.*",
        "[    0.076915] AppArmor: AppArmor initialized",
        "[    0.076915] TOMOYO Linux initialized",
        "[    0.076915] LSM support for eBPF active",
        "[    0.076915] Mount-cache hash table entries: 32768 (order: 6, 262144 bytes, linear)",
        "[    0.076915] Mountpoint-cache hash table entries: 32768 (order: 6, 262144 bytes, linear)",
        "[    0.076915] smpboot: CPU0: Intel(R) Core(TM) i3-6100U CPU @ 2.30GHz (family: 0x6, model: 0x4e, stepping: 0x3)",
        "[    0.076915] cblist_init_generic: Setting adjustable number of callback queues.",
        "[    0.076915] cblist_init_generic: Setting shift to 2 and lim to 1.",
        "[    0.076915] cblist_init_generic: Setting adjustable number of callback queues.",
        "[    0.076915] cblist_init_generic: Setting shift to 2 and lim to 1.",
        "[    0.076915] cblist_init_generic: Setting adjustable number of callback queues.",
        "[    0.076915] cblist_init_generic: Setting shift to 2 and lim to 1.",
        "[    0.076915] Performance Events: PEBS fmt3+, Skylake events, 32-deep LBR, full-width counters, Intel PMU driver.",
        "[    0.076915] ... version:                4",
        "[    0.076915] ... bit width:              48",
        "[    0.076915] ... generic registers:      4",
        "[    0.076915] ... value mask:             0000ffffffffffff",
        "[    0.076915] ... max period:             00007fffffffffff",
        "[    0.076915] ... fixed-purpose events:   3",
        "[    0.076915] ... event mask:             000000070000000f",
        "[    0.076915] signal: max sigframe size: 2032",
        "[    0.076915] Estimated ratio of average max frequency by base frequency (times 1024): 1024",
        "[    0.076915] rcu: Hierarchical SRCU implementation.",
        "[    0.076915] rcu:     Max phase no-delay instances is 1000.",
        "[    0.076915] NMI watchdog: Enabled. Permanently consumes one hw-PMU counter.",
        "[    0.076915] smp: Bringing up secondary CPUs ...",
        "[    0.076915] x86: Booting SMP configuration:",
        "[    0.076915] .... node  #0, CPUs:      #1 #2",
        "[    0.077988] smp: Brought up 1 node, 4 CPUs",
        "[    0.077988] smpboot: Max logical packages: 1",
        "[    0.077988] smpboot: Total of 4 processors activated (18399.74 BogoMIPS)",
        "[    0.099869] node 0 deferred pages initialised in 16ms",
        "[    0.099872] devtmpfs: initialized",
        "[    0.099872] x86/mm: Memory block size: 128MB",
        "[    0.101763] ACPI: PM: Registering ACPI NVS region [mem 0x9079d000-0x9079dfff] (4096 bytes)",
        "[    0.101763] ACPI: PM: Registering ACPI NVS region [mem 0xa7d7f000-0xa7f7efff] (2097152 bytes)",
        "[    0.101763] clocksource: jiffies: mask: 0xffffffff max_cycles: 0xffffffff, max_idle_ns: 7645041785100000 ns",
        "[    0.101763] futex hash table entries: 1024 (order: 4, 65536 bytes, linear)",
        "[    0.101763] pinctrl core: initialized pinctrl subsystem",
        "[    0.101763] NET: Registered PF_NETLINK/PF_ROUTE protocol family",
        "[    0.102046] DMA: preallocated 2048 KiB GFP_KERNEL pool for atomic allocations",
        "[    0.102205] DMA: preallocated 2048 KiB GFP_KERNEL|GFP_DMA pool for atomic allocations",
        "[    0.102361] DMA: preallocated 2048 KiB GFP_KERNEL|GFP_DMA32 pool for atomic allocations",
        "[    0.102377] audit: initializing netlink subsys (disabled)",
        "[    0.102394] thermal_sys: Registered thermal governor 'fair_share'",
        "[    0.102394] thermal_sys: Registered thermal governor 'bang_bang'",
        "[    0.102394] thermal_sys: Registered thermal governor 'step_wise'",
        "[    0.102394] thermal_sys: Registered thermal governor 'user_space'",
        "[    0.102394] thermal_sys: Registered thermal governor 'power_allocator'",
        "[    0.102394] cpuidle: using governor ladder",
        "[    0.102394] cpuidle: using governor menu",
        "[    0.102394] Simple Boot Flag at 0x44 set to 0x80",
        "[    0.102394] ACPI FADT declares the system doesn't support PCIe ASPM, so disable it",
        "[    0.102394] acpiphp: ACPI Hot Plug PCI Controller Driver version: 0.5",
        "[    0.102394] PCI: MMCONFIG for domain 0000 [bus 00-ff] at [mem 0xe0000000-0xefffffff] (base 0xe0000000)",
        "[    0.102394] PCI: MMCONFIG at [mem 0xe0000000-0xefffffff] reserved in E820",
        "[    0.102394] PCI: Using configuration type 1 for base access",
        "[    0.105734] kprobes: kprobe jump-optimization is enabled. All kprobes are optimized if possible.",
        "[    0.105740] HugeTLB: registered 1.00 GiB page size, pre-allocated 0 pages",
        "[    0.105740] HugeTLB: 16380 KiB vmemmap can be freed for a 1.00 GiB page",
        "[    0.105740] HugeTLB: registered 2.00 MiB page size, pre-allocated 0 pages",
        "[    0.105740] HugeTLB: 28 KiB vmemmap can be freed for a 2.00 MiB page",
        "[    0.105740] ACPI: Added _OSI(Module Device)",
        "[    0.105740] ACPI: Added _OSI(Processor Device)",
        "[    0.105740] ACPI: Added _OSI(3.0 _SCP Extensions)",
        "[    0.105740] ACPI: Added _OSI(Processor Aggregator Device)",
        "[    0.140454] ACPI: 8 ACPI AML tables successfully acquired and loaded",
        "[    0.146506] ACPI: Dynamic OEM Table Load:",
        "[    0.146521] ACPI: SSDT 0xFFFF8927C0C6D800 0005FD (v02 PmRef  Cpu0Ist  00003000 INTL 20120816)",
        "[    0.147761] ACPI: \_PR_.CPU0: _OSC native thermal LVT Acked",
        "[    0.148961] ACPI: Dynamic OEM Table Load:",
        "[    0.148972] ACPI: SSDT 0xFFFF8927C144D400 00037F (v02 PmRef  Cpu0Cst  00003001 INTL 20120816)",
        "[    0.150654] ACPI: Dynamic OEM Table Load:",
        "[    0.150664] ACPI: SSDT 0xFFFF8927C0C6B800 0005AA (v02 PmRef  ApIst    00003000 INTL 20120816)",
        "[    0.152175] ACPI: Dynamic OEM Table Load:",
        "[    0.152184] ACPI: SSDT 0xFFFF8927C0EA2A00 000119 (v02 PmRef  ApCst    00003000 INTL 20120816)",
        "[    0.154929] ACPI: EC: EC started",
        "[    0.154930] ACPI: EC: interrupt blocked",
        "[    0.155400] ACPI: EC: EC_CMD/EC_SC=0x66, EC_DATA=0x62",
        "[    0.155403] ACPI: \_SB_.PCI0.LPCB.EC0_: Boot DSDT EC used to handle transactions",
        "[    0.155405] ACPI: Interpreter enabled",
        "[    0.155452] ACPI: PM: (supports S0 S3 S4 S5)",
        "[    0.155453] ACPI: Using IOAPIC for interrupt routing",
        "[    0.155497] PCI: Using host bridge windows from ACPI; if necessary, use pci=nocrs and report a bug",
        "[    0.155499] PCI: Using E820 reservations for host bridge windows",
        "[    0.156033] ACPI: Enabled 10 GPEs in block 00 to 7F",
        "[    0.177432] ACPI: PCI Root Bridge [PCI0] (domain 0000 [bus 00-fe])",
        "[    0.177441] acpi PNP0A08:00: _OSC: OS supports [ExtendedConfig ASPM ClockPM Segments MSI HPX-Type3]",
        "[    0.180392] acpi PNP0A08:00: _OSC: OS now controls [PCIeHotplug SHPCHotplug PME AER PCIeCapability LTR]",
        "[    0.180395] acpi PNP0A08:00: FADT indicates ASPM is unsupported, using BIOS configuration",
        "[    0.182852] PCI host bridge to bus 0000:00",
        "[    0.182854] pci_bus 0000:00: root bus resource [io  0x0000-0x0cf7 window]",
        "[    0.182858] pci_bus 0000:00: root bus resource [io  0x0d00-0xffff window]",
        "[    0.182860] pci_bus 0000:00: root bus resource [mem 0x000a0000-0x000bffff window]",
        "[    0.182862] pci_bus 0000:00: root bus resource [mem 0xad800000-0xdfffffff window]",
        "[    0.182864] pci_bus 0000:00: root bus resource [mem 0xfd000000-0xfe7fffff window]",
        "[    0.182866] pci_bus 0000:00: root bus resource [bus 00-fe]",
        "[    0.182888] pci 0000:00:00.0: [8086:1904] type 00 class 0x060000",
        "[    0.182983] pci 0000:00:02.0: [8086:1916] type 00 class 0x030000",
        "[    0.182993] pci 0000:00:02.0: reg 0x10: [mem 0xc0000000-0xc0ffffff 64bit]",
        "[    0.183001] pci 0000:00:02.0: reg 0x18: [mem 0xb0000000-0xbfffffff 64bit pref]",
        "[    0.183006] pci 0000:00:02.0: reg 0x20: [io  0x4000-0x403f]",
        "[    0.183026] pci 0000:00:02.0: Video device with shadowed ROM at [mem 0x000c0000-0x000dffff]",
        "[    0.183282] pci 0000:00:14.0: [8086:9d2f] type 00 class 0x0c0330",
        "[    0.183303] pci 0000:00:14.0: reg 0x10: [mem 0xc1200000-0xc120ffff 64bit]",
        "[    0.183375] pci 0000:00:14.0: PME# supported from D3hot D3cold",
        "[    0.183674] pci 0000:00:14.2: [8086:9d31] type 00 class 0x118000",
        "[    0.183694] pci 0000:00:14.2: reg 0x10: [mem 0xc122a000-0xc122afff 64bit]",
        "[    0.183969] pci 0000:00:15.0: [8086:9d60] type 00 class 0x118000",
        "[    0.184164] pci 0000:00:15.0: reg 0x10: [mem 0xc122b000-0xc122bfff 64bit]",
        "[    0.185244] pci 0000:00:16.0: [8086:9d3a] type 00 class 0x078000",
        "[    0.185263] pci 0000:00:16.0: reg 0x10: [mem 0xc122c000-0xc122cfff 64bit]",
        "[    0.185339] pci 0000:00:16.0: PME# supported from D3hot",
        "[    0.185588] pci 0000:00:17.0: [8086:9d03] type 00 class 0x010601",
        "[    0.185603] pci 0000:00:17.0: reg 0x10: [mem 0xc1228000-0xc1229fff]",
        "[    0.185611] pci 0000:00:17.0: reg 0x14: [mem 0xc122f000-0xc122f0ff]",
        "[    0.185620] pci 0000:00:17.0: reg 0x18: [io  0x4080-0x4087]",
        "[    0.185629] pci 0000:00:17.0: reg 0x1c: [io  0x4088-0x408b]",
        "[    0.185638] pci 0000:00:17.0: reg 0x20: [io  0x4060-0x407f]",
        "[    0.185647] pci 0000:00:17.0: reg 0x24: [mem 0xc122d000-0xc122d7ff]",
        "[    0.185692] pci 0000:00:17.0: PME# supported from D3hot",
        "[    0.185982] pci 0000:00:1d.0: [8086:9d18] type 01 class 0x060400",
        "[    0.186057] pci 0000:00:1d.0: PME# supported from D0 D3hot D3cold",
        "[    0.186592] pci 0000:00:1d.2: [8086:9d1a] type 01 class 0x060400",
        "[    0.186674] pci 0000:00:1d.2: PME# supported from D0 D3hot D3cold",
        "[    0.186693] pci 0000:00:1d.2: Intel SPT PCH root port ACS workaround enabled",
        "[    0.187215] pci 0000:00:1d.3: [8086:9d1b] type 01 class 0x060400",
        "[    0.187296] pci 0000:00:1d.3: PME# supported from D0 D3hot D3cold",
        "[    0.187315] pci 0000:00:1d.3: Intel SPT PCH root port ACS workaroun,d enabled",
        "[    0.187850] pci 0000:00:1f.0: [8086:9d48] type 00 class 0x060100",
        "[    0.188207] pci 0000:00:1f.2: [8086:9d21] type 00 class 0x058000",
        "[    0.188224] pci 0000:00:1f.2: reg 0x10: [mem 0xc1224000-0xc1227fff]",
        "[    0.188512] pci 0000:00:1f.3: [8086:9d70] type 00 class 0x040300",
        "[    0.188538] pci 0000:00:1f.3: reg 0x10: [mem 0xc1220000-0xc1223fff 64bit]",
        "[    0.188574] pci 0000:00:1f.3: reg 0x20: [mem 0xc1210000-0xc121ffff 64bit]",
        "[    0.188628] pci 0000:00:1f.3: PME# supported from D3hot D3cold",
        "[    0.189076] pci 0000:00:1f.4: [8086:9d23] type 00 class 0x0c0500",
        "[    0.189134] pci 0000:00:1f.4: reg 0x10: [mem 0xc122e000-0xc122e0ff 64bit]",
        "[    0.189204] pci 0000:00:1f.4: reg 0x20: [io  0x4040-0x405f]",
        "[    0.189539] pci 0000:00:1d.0: PCI bridge to [bus 01]",
        "[    0.189650] pci 0000:02:00.0: [8086:095a] type 00 class 0x028000",
        "[    0.189700] pci 0000:02:00.0: reg 0x10: [mem 0xc1100000-0xc1101fff 64bit]",
        "[    0.189930] pci 0000:02:00.0: PME# supported from D0 D3hot D3cold",
        "[    0.190252] pci 0000:00:1d.2: PCI bridge to [bus 02]",
        "[    0.190257] pci 0000:00:1d.2:   bridge window [mem 0xc1100000-0xc11fffff]",
        "[    0.190324] pci 0000:03:00.0: [10ec:5287] type 00 class 0xff0000",
        "[    0.190346] pci 0000:03:00.0: reg 0x10: [mem 0xc1005000-0xc1005fff]",
        "[    0.190411] pci 0000:03:00.0: reg 0x30: [mem 0xffff0000-0xffffffff pref]",
        "[    0.190514] pci 0000:03:00.0: supports D1 D2",
        "[    0.190516] pci 0000:03:00.0: PME# supported from D1 D2 D3hot D3cold",
        "[    0.190733] pci 0000:03:00.1: [10ec:8168] type 00 class 0x020000",
        "[    0.190754] pci 0000:03:00.1: reg 0x10: [io  0x3000-0x30ff]",
        "[    0.190782] pci 0000:03:00.1: reg 0x18: [mem 0xc1004000-0xc1004fff 64bit]",
        "[    0.190800] pci 0000:03:00.1: reg 0x20: [mem 0xc1000000-0xc1003fff 64bit]",
        "[    0.190913] pci 0000:03:00.1: supports D1 D2",
        "[    0.190914] pci 0000:03:00.1: PME# supported from D0 D1 D2 D3hot D3cold",
        "[    0.191086] pci 0000:00:1d.3: PCI bridge to [bus 03]",
        "[    0.191090] pci 0000:00:1d.3:   bridge window [io  0x3000-0x3fff]",
        "[    0.191093] pci 0000:00:1d.3:   bridge window [mem 0xc1000000-0xc10fffff]",
        "[    0.192499] ACPI: PCI: Interrupt link LNKA configured for IRQ 11",
        "[    0.192561] ACPI: PCI: Interrupt link LNKB configured for IRQ 10",
        "[    0.192620] ACPI: PCI: Interrupt link LNKC configured for IRQ 11",
        "[    0.192680] ACPI: PCI: Interrupt link LNKD configured for IRQ 11",
        "[    0.192738] ACPI: PCI: Interrupt link LNKE configured for IRQ 11",
        "[    0.192796] ACPI: PCI: Interrupt link LNKF configured for IRQ 11",
        "[    0.192854] ACPI: PCI: Interrupt link LNKG configured for IRQ 11",
        "[    0.192911] ACPI: PCI: Interrupt link LNKH configured for IRQ 11",
        "[    0.193715] ACPI: EC: interrupt unblocked",
        "[    0.193716] ACPI: EC: event unblocked",
        "[    0.193734] ACPI: EC: EC_CMD/EC_SC=0x66, EC_DATA=0x62",
        "[    0.193735] ACPI: EC: GPE=0x50",
        "[    0.193737] ACPI: \_SB_.PCI0.LPCB.EC0_: Boot DSDT EC initialization complete",
        "[    0.193739] ACPI: \_SB_.PCI0.LPCB.EC0_: EC: Used to handle transactions and events",
        "[    0.193810] iommu: Default domain type: Translated ",
        "[    0.193810] iommu: DMA domain TLB invalidation policy: lazy mode ",
        "[    0.193810] pps_core: LinuxPPS API ver. 1 registered",
        "[    0.193810] pps_core: Software ver. 5.3.6 - Copyright 2005-2007 Rodolfo Giometti <giometti@linux.it>",
        "[    0.193810] PTP clock support registered",
        "[    0.193810] EDAC MC: Ver: 3.0.0",
        "[    0.193810] NetLabel: Initializing",
        "[    0.193810] NetLabel:  domain hash size = 128",
        "[    0.193810] NetLabel:  protocols = UNLABELED CIPSOv4 CALIPSO",
        "[    0.193810] NetLabel:  unlabeled traffic allowed by default",
        "[    0.193810] PCI: Using ACPI for IRQ routing",
        "[   67.697806] Bluetooth: hci0: Intel BT fw patch 0x32 completed & activated",
        "[   67.750401] Bluetooth: MGMT ver 1.22",
        "[OK] Loading kernel modules...",
        "[INFO] Checking file system integrity...",
        "[OK] Mounting root partition...",
        "[OK] Activating swap space...",
        "[OK] Initializing hardware abstraction layer...",
        "[INFO] Detecting devices: Keyboard [OK]",
        "[INFO] Detecting devices: Mouse [OK]",
        "[INFO] Detecting devices: Display [OK]",
        "[OK] Starting network services...",
        "[OK] Configuring IP address...",
        "[INFO] Connecting to DNS server...",
        "[OK] Starting SSH daemon...",
        "[OK] Starting Apache web server...",
        "[OK] Starting MySQL database server...",
        "[INFO] Verifying user authentication...",
        "[SUCCESS] System startup complete. Welcome!",   
    ];

    // Vérifie que la section principale existe
    if (!terminalSection) {
        console.error("Erreur : .terminal-section introuvable");
        return;
    }

    // On récupère le contenu HTML original de la section terminal (avec les liens, titres, etc.)
    const terminalText = terminalSection.innerHTML.trim();

    // On coupe le texte ligne par ligne (en gardant les balises)
    const terminalLines = terminalText
    .replace(/<br\s*\/?>/gi, '\n') // remplace <br> par \n
    .split('\n') // on divise par les vraies lignes
    .map(line => line.trim())
    .filter(line => line !== "");
  

    // On vide l'affichage avant de lancer l'effet
    terminalSection.innerHTML = "";

    // Désactive le scroll pendant l’animation de démarrage
    document.body.style.overflow = "hidden";

    let messageIndex = 0;

    // Petite pause avant de démarrer le faux boot
    setTimeout(() => {
        const interval = setInterval(() => {
            if (messageIndex < messages.length) {
                // Ajoute une ligne dans le bloc de chargement
                const line = document.createElement("p");
                line.textContent = messages[messageIndex];
                line.classList.add("code-line");
                loaderMessages.appendChild(line);
                messageIndex++;
            } else {
                // Une fois tous les messages affichés
                clearInterval(interval);
                setTimeout(() => {
                    // Cache le loader, montre le contenu et réactive le scroll
                    loader.style.display = "none";
                    mainContent.classList.remove("hidden");
                    document.body.style.overflow = "auto";

                    // Lancement de l'effet d'écriture ligne par ligne dans la section terminal
                    typeEffect(terminalSection, terminalLines, 50);
                }, 1000);
            }
        }, 30); // Vitesse entre chaque ligne de boot
    }, 2000); // Pause initiale avant de commencer l'animation
});

// Fonction pour écrire ligne par ligne le texte dans la section terminal
function typeEffect(element, lines, speed) {
    let i = 0;
  
    function type() {
      if (i < lines.length) {
        const wrapper = document.createElement("div");
        wrapper.innerHTML = lines[i];
        element.appendChild(wrapper);
  
        // ⚠️ Ajout ici : fait défiler vers le bas à chaque nouvelle ligne
        element.scrollTop = element.scrollHeight;
  
        i++;
        setTimeout(type, speed);
      }
    }
  
    type();
  }
  

// Fonction pour afficher / masquer les sections (CV, Portfolio, etc.)
function toggleSection(id) {
    const section = document.getElementById(id);
    if (section) {
        section.classList.toggle("hidden");
    }
}

// Sécurité : si tout bug ou prend trop de temps, on affiche quand même le contenu après 5 sec
setTimeout(() => {
    const mainContent = document.getElementById("mainContent");
    const loader = document.getElementById("loader");

    if (mainContent.classList.contains("hidden")) {
        mainContent.classList.remove("hidden");
        if (loader) loader.style.display = "none";
    }
}, 50000);
